// Jest Snapshot v1, https://goo.gl/fbAQLP

exports[`ResultTable component should render properly 1`] = `
<DocumentFragment>
  <table
    class="govuk-table"
  >
    <caption
      class="govuk-table__caption"
    >
      People search result
    </caption>
    <thead
      class="govuk-table__head"
    >
      <tr
        class="govuk-table__row"
      >
        <th
          class="govuk-table__header"
          scope="col"
        >
          Tenancy Reference
        </th>
        <th
          class="govuk-table__header"
          scope="col"
        >
          Name
        </th>
        <th
          class="govuk-table__header"
          scope="col"
        >
          Address
        </th>
      </tr>
    </thead>
    <tbody
      class="govuk-table__body"
    >
      <tr
        class="govuk-table__row govuk-table__row--clickable"
      >
        <td
          class="govuk-table__cell"
        />
        <td
          class="govuk-table__cell"
        >
          Fname Lname
        </td>
        <td
          class="govuk-table__cell"
        />
      </tr>
    </tbody>
  </table>
</DocumentFragment>
`;
